// Jest Snapshot v1, https://goo.gl/fbAQLP

exports[`ProductTitle should show component with custom title 1`] = `null`;

exports[`ProductTitle should show component with product name 1`] = `null`;
